# serializer version: 1
# name: test_post_process_FILM
  '''
  1
  00:00:00,000 --> 00:00:00,000
  F#: 00000; Prompt:  tiny cute swamp bunny, highly detailed, intricate, ultra hd, sharp photo, crepuscular rays, in focus
  
  2
  00:00:00,000 --> 00:00:00,500
  F#: 00010; Prompt:  tiny cute swamp bunny, highly detailed, intricate, ultra hd, sharp photo, crepuscular rays, in focus
  
  
  '''
# ---
# name: test_post_process_RIFE
  '''
  1
  00:00:00,000 --> 00:00:00,000
  F#: 00000; Prompt:  tiny cute swamp bunny, highly detailed, intricate, ultra hd, sharp photo, crepuscular rays, in focus
  
  2
  00:00:00,000 --> 00:00:00,500
  F#: 00010; Prompt:  tiny cute swamp bunny, highly detailed, intricate, ultra hd, sharp photo, crepuscular rays, in focus
  
  
  '''
# ---
# name: test_post_process_UPSCALE
  '''
  1
  00:00:00,000 --> 00:00:00,000
  F#: 00000; Prompt:  tiny cute swamp bunny, highly detailed, intricate, ultra hd, sharp photo, crepuscular rays, in focus
  
  2
  00:00:00,000 --> 00:00:00,500
  F#: 00010; Prompt:  tiny cute swamp bunny, highly detailed, intricate, ultra hd, sharp photo, crepuscular rays, in focus
  
  
  '''
# ---
# name: test_post_process_UPSCALE_FILM
  '''
  1
  00:00:00,000 --> 00:00:00,000
  F#: 00000; Prompt:  tiny cute swamp bunny, highly detailed, intricate, ultra hd, sharp photo, crepuscular rays, in focus
  
  2
  00:00:00,000 --> 00:00:00,500
  F#: 00010; Prompt:  tiny cute swamp bunny, highly detailed, intricate, ultra hd, sharp photo, crepuscular rays, in focus
  
  
  '''
# ---
